
> super-hr@0.1.0 build
> next build

Γû▓ Next.js 16.1.6 (Turbopack)
- Environments: .env.local

node.exe : ΓÜá The 
"middleware" file 
convention is deprecated. 
Please use "proxy" 
instead. Learn more: https
://nextjs.org/docs/message
s/middleware-to-proxy
At line:1 char:1
+ & "C:\Program 
Files\nodejs/node.exe" 
"C:\Program 
Files\nodejs/node_mo ...
+ ~~~~~~~~~~~~~~~~~~~~~~~~
~~~~~~~~~~~~~~~~~~~~~~~~~~
~~~~~~~~~~~~~~~~~~~
    + CategoryInfo        
      : NotSpe    cified: 
(ΓÜá The     
"middle...lewar    
e-to-proxy:Strin    g) 
[], RemoteExc    eption
    + FullyQualified    
ErrorId : Native    
CommandError
 
  Creating an optimized production build ...
Γ£ô Compiled successfully in 5.3s
  Running TypeScript ...
Failed to compile.

./src/components/ui/avatar
.tsx:2:34
Type error: Cannot find 
module 
'@radix-ui/react-avatar' 
or its corresponding type 
declarations.

[0m [90m 1 |[39m 
[36mimport[39m 
[33m*[39m [36mas[39m 
[33mReact[39m 
[36mfrom[39m 
[32m"react"[39m
[31m[1m>[22m[39m[90m 
2 |[39m [36mimport[39m 
[33m*[39m [36mas[39m 
[33mAvatarPrimitive[39m 
[36mfrom[39m [32m"@radi
x-ui/react-avatar"[39m
 [90m   |[39m           
                       
[31m[1m^[22m[39m
 [90m 3 |[39m 
[36mimport[39m { cn } 
[36mfrom[39m 
[32m"@/lib/utils"[39m
 [90m 4 |[39m
 [90m 5 |[39m [90m// 
Since I haven't installed 
radix-ui/react-avatar, I 
will implement a custom 
simple version[39m[0m
Next.js build worker 
exited with code: 1 and 
signal: null
