src/components/recruitment/CandidateKanban.tsx(48,66): error TS2339: Property 'aiSummary' does not exist on type '{ id: string; name: string; stage: string; role: string; score: number; avatar: string; }'.
src/components/recruitment/CandidateKanban.tsx(55,64): error TS2339: Property 'aiSummary' does not exist on type '{ id: string; name: string; stage: string; role: string; score: number; avatar: string; }'.
src/components/ui/avatar.tsx(2,34): error TS2307: Cannot find module '@radix-ui/react-avatar' or its corresponding type declarations.
src/components/ui/button.tsx(2,22): error TS2307: Cannot find module '@radix-ui/react-slot' or its corresponding type declarations.
src/components/ui/button.tsx(3,40): error TS2307: Cannot find module 'class-variance-authority' or its corresponding type declarations.
src/components/ui/label.tsx(4,33): error TS2307: Cannot find module '@radix-ui/react-label' or its corresponding type declarations.
src/lib/prisma.ts(1,10): error TS2305: Module '"@prisma/client"' has no exported member 'PrismaClient'.
src/services/employeeService.ts(2,10): error TS2305: Module '"@prisma/client"' has no exported member 'Employee'.
